// Jest Snapshot v1, https://goo.gl/fbAQLP

exports[`Root layout should match the snapshot 1`] = `
<html>
  <body
    class="className"
  />
</html>
`;
